// Jest Snapshot v1, https://goo.gl/fbAQLP

exports[`should render ExpenseListItem with expense 1`] = `
<div>
  <Link
    id="1"
    replace={false}
    to="/edit/1"
  >
    <h3>
      Sauce
    </h3>
  </Link>
  <p>
    $
    200
    , 
    0
  </p>
</div>
`;
